// Vitest Snapshot v1, https://vitest.dev/guide/snapshot.html

exports[`FuiDisplayCustomDialog > renders a popup element 1`] = `
<div
  class="fui-display-custom-dialog"
  data-v-519941f7=""
>
  <div
    class="font-bold text-lg pb-4"
    data-v-519941f7=""
  >
    Set display size
  </div>
  <div
    class="fui-form-row"
    data-v-519941f7=""
  >
    <label
      class="fui-form-label fui-form-column"
      data-v-519941f7=""
      for="displayCustomWidth"
    >
       Width: 
      <input
        class="fui-form-input fui-form-input__size"
        data-v-519941f7=""
        id="displayCustomWidth"
        type="number"
      />
    </label>
    <label
      class="fui-form-label fui-form-column"
      data-v-519941f7=""
      for="displayCustomWidth"
    >
       Height: 
      <input
        class="fui-form-input fui-form-input__size"
        data-v-519941f7=""
        id="displayCustomHeight"
        min="1"
        type="number"
      />
    </label>
  </div>
  <div
    class="buttons-bottom"
    data-v-519941f7=""
  >
    <button
      class="btn btn-sm btn-primary font-sans uppercase leading-none btn-outline"
      data-v-519941f7=""
    >
      
      Cancel
      
    </button>
    <button
      class="btn btn-sm btn-primary font-sans uppercase leading-none btn-outline btn-success"
      data-v-519941f7=""
    >
      
      Save
      
    </button>
  </div>
</div>
`;
