// Vitest Snapshot v1, https://vitest.dev/guide/snapshot.html

exports[`FuiButton > renders a button element 1`] = `
<button
  class="btn btn-sm btn-primary font-sans uppercase leading-none btn-outline"
>
  
  Test
  
</button>
`;
